total: 499156 | pendentes: 499156
5000 5000 19:22:18
10000 10000 19:24:00
15000 15000 19:24:21
20000 20000 19:25:10
25000 25000 19:26:05
30000 30000 19:27:05
35000 35000 19:28:06
40000 40000 19:29:10
45000 45000 19:30:10
50000 50000 19:31:06
55000 55000 19:32:04
60000 60000 19:32:56
65000 65000 19:33:52
70000 70000 19:35:10
75000 75000 19:35:56
80000 80000 19:36:53
85000 85000 19:37:48
90000 90000 19:38:47
95000 95000 19:40:13
100000 100000 19:41:03
105000 105000 19:41:58
110000 110000 19:42:49
115000 115000 19:43:49
120000 120000 19:45:30
125000 125000 19:46:45
130000 130000 19:48:05
135000 135000 19:50:26
140000 140000 19:50:45
145000 145000 19:52:56
150000 150000 19:53:15
155000 155000 19:54:18
160000 160000 19:55:22
165000 165000 19:56:24
170000 170000 19:57:21
175000 175000 19:58:29
180000 180000 19:59:35
185000 185000 20:00:51
190000 190000 20:03:34
195000 195000 20:03:53
200000 200000 20:04:24
205000 205000 20:05:33
210000 210000 20:06:41
215000 215000 20:07:46
220000 220000 20:08:50
225000 225000 20:09:57
230000 230000 20:10:58
235000 235000 20:11:59
240000 240000 20:13:05
245000 245000 20:16:29
250000 250000 20:16:50
255000 255000 20:17:10
260000 260000 20:17:32
265000 265000 20:18:28
270000 270000 20:19:31
275000 275000 20:20:32
280000 280000 20:21:31
285000 285000 20:22:29
290000 290000 20:23:29
295000 295000 20:24:44
300000 300000 20:26:09
305000 305000 20:29:14
310000 310000 20:29:33
315000 315000 20:30:22
320000 320000 20:31:53
325000 325000 20:33:13
330000 330000 20:34:24
335000 335000 20:35:31
340000 340000 20:36:51
345000 345000 20:38:04
350000 350000 20:39:06
355000 355000 20:40:45
360000 360000 20:42:35
365000 365000 20:42:55
370000 370000 20:43:49
375000 375000 20:45:44
380000 380000 20:47:24
385000 385000 20:48:42
390000 390000 20:49:51
395000 395000 20:51:03
400000 400000 20:52:20
405000 405000 20:54:58
410000 410000 20:55:16
415000 415000 20:55:39
420000 420000 20:56:38
425000 425000 20:57:47
430000 430000 20:58:56
435000 435000 21:00:10
440000 440000 21:01:28
445000 445000 21:02:33
450000 450000 21:03:36
455000 455000 21:04:44
460000 460000 21:09:42
465000 465000 21:10:03
470000 470000 21:10:23
475000 475000 21:10:42
480000 480000 21:11:34
485000 485000 21:12:49
490000 490000 21:13:58
495000 495000 21:15:01
fim 499156 499156
